[2025-03-28T15:48:59.391+0000] {taskinstance.py:1103} INFO - Dependencies all met for dep_context=non-requeueable deps ti=<TaskInstance: pipeline.bronze_level manual__2025-03-28T15:48:58.370927+00:00 [queued]>
[2025-03-28T15:48:59.402+0000] {taskinstance.py:1103} INFO - Dependencies all met for dep_context=requeueable deps ti=<TaskInstance: pipeline.bronze_level manual__2025-03-28T15:48:58.370927+00:00 [queued]>
[2025-03-28T15:48:59.403+0000] {taskinstance.py:1308} INFO - Starting attempt 1 of 2
[2025-03-28T15:48:59.418+0000] {taskinstance.py:1327} INFO - Executing <Task(BashOperator): bronze_level> on 2025-03-28 15:48:58.370927+00:00
[2025-03-28T15:48:59.431+0000] {standard_task_runner.py:57} INFO - Started process 222 to run task
[2025-03-28T15:48:59.436+0000] {standard_task_runner.py:84} INFO - Running: ['airflow', 'tasks', 'run', 'pipeline', 'bronze_level', 'manual__2025-03-28T15:48:58.370927+00:00', '--job-id', '4', '--raw', '--subdir', 'DAGS_FOLDER/pipeline.py', '--cfg-path', '/tmp/tmppd3cl19g']
[2025-03-28T15:48:59.440+0000] {standard_task_runner.py:85} INFO - Job 4: Subtask bronze_level
[2025-03-28T15:48:59.467+0000] {logging_mixin.py:150} WARNING - /home/airflow/.local/lib/python3.10/site-packages/airflow/settings.py:195 DeprecationWarning: The sql_alchemy_conn option in [core] has been moved to the sql_alchemy_conn option in [database] - the old setting has been used, but please update your config.
[2025-03-28T15:48:59.541+0000] {task_command.py:410} INFO - Running <TaskInstance: pipeline.bronze_level manual__2025-03-28T15:48:58.370927+00:00 [running]> on host c6113365ba13
[2025-03-28T15:48:59.718+0000] {taskinstance.py:1545} INFO - Exporting env vars: AIRFLOW_CTX_DAG_OWNER='airflow' AIRFLOW_CTX_DAG_ID='pipeline' AIRFLOW_CTX_TASK_ID='bronze_level' AIRFLOW_CTX_EXECUTION_DATE='2025-03-28T15:48:58.370927+00:00' AIRFLOW_CTX_TRY_NUMBER='1' AIRFLOW_CTX_DAG_RUN_ID='manual__2025-03-28T15:48:58.370927+00:00'
[2025-03-28T15:48:59.720+0000] {subprocess.py:63} INFO - Tmp dir *** location: /tmp
[2025-03-28T15:48:59.722+0000] {subprocess.py:75} INFO - Running command: ['/bin/bash', '-c', 'python3 /opt/airflow/bronze_level/main.py']
[2025-03-28T15:48:59.788+0000] {subprocess.py:86} INFO - Output:
[2025-03-28T15:48:59.920+0000] {subprocess.py:93} INFO - python3: can't open file '/opt/airflow/bronze_level/main.py': [Errno 2] No such file or directory
[2025-03-28T15:48:59.924+0000] {subprocess.py:97} INFO - Command exited with return code 2
[2025-03-28T15:48:59.951+0000] {taskinstance.py:1824} ERROR - Task failed with exception
Traceback (most recent call last):
  File "/home/airflow/.local/lib/python3.10/site-packages/airflow/operators/bash.py", line 210, in execute
    raise AirflowException(
airflow.exceptions.AirflowException: Bash command failed. The command returned a non-zero exit code 2.
[2025-03-28T15:48:59.956+0000] {taskinstance.py:1345} INFO - Marking task as UP_FOR_RETRY. dag_id=pipeline, task_id=bronze_level, execution_date=20250328T154858, start_date=20250328T154859, end_date=20250328T154859
[2025-03-28T15:48:59.971+0000] {standard_task_runner.py:104} ERROR - Failed to execute job 4 for task bronze_level (Bash command failed. The command returned a non-zero exit code 2.; 222)
[2025-03-28T15:49:00.014+0000] {local_task_job_runner.py:225} INFO - Task exited with return code 1
[2025-03-28T15:49:00.473+0000] {taskinstance.py:2653} INFO - 0 downstream tasks scheduled from follow-on schedule check
