[2025-03-29T15:58:44.401+0000] {logging_mixin.py:150} WARNING - /home/airflow/.local/lib/python3.10/site-packages/airflow/utils/sqlalchemy.py:124 DeprecationWarning: The sql_alchemy_conn option in [core] has been moved to the sql_alchemy_conn option in [database] - the old setting has been used, but please update your config.
[2025-03-29T15:58:44.418+0000] {taskinstance.py:1103} INFO - Dependencies all met for dep_context=non-requeueable deps ti=<TaskInstance: pipeline.migration_bronze_level scheduled__2025-03-28T00:00:00+00:00 [queued]>
[2025-03-29T15:58:44.452+0000] {taskinstance.py:1103} INFO - Dependencies all met for dep_context=requeueable deps ti=<TaskInstance: pipeline.migration_bronze_level scheduled__2025-03-28T00:00:00+00:00 [queued]>
[2025-03-29T15:58:44.453+0000] {taskinstance.py:1308} INFO - Starting attempt 1 of 2
[2025-03-29T15:58:44.495+0000] {taskinstance.py:1327} INFO - Executing <Task(BashOperator): migration_bronze_level> on 2025-03-28 00:00:00+00:00
[2025-03-29T15:58:44.518+0000] {standard_task_runner.py:57} INFO - Started process 186 to run task
[2025-03-29T15:58:44.554+0000] {standard_task_runner.py:84} INFO - Running: ['airflow', 'tasks', 'run', 'pipeline', 'migration_bronze_level', 'scheduled__2025-03-28T00:00:00+00:00', '--job-id', '2', '--raw', '--subdir', 'DAGS_FOLDER/pipeline.py', '--cfg-path', '/tmp/tmp0achaapj']
[2025-03-29T15:58:44.573+0000] {standard_task_runner.py:85} INFO - Job 2: Subtask migration_bronze_level
[2025-03-29T15:58:44.710+0000] {logging_mixin.py:150} WARNING - /home/airflow/.local/lib/python3.10/site-packages/airflow/settings.py:195 DeprecationWarning: The sql_alchemy_conn option in [core] has been moved to the sql_alchemy_conn option in [database] - the old setting has been used, but please update your config.
[2025-03-29T15:58:44.844+0000] {task_command.py:410} INFO - Running <TaskInstance: pipeline.migration_bronze_level scheduled__2025-03-28T00:00:00+00:00 [running]> on host 99bf5d67a268
[2025-03-29T15:58:44.915+0000] {logging_mixin.py:150} WARNING - /home/airflow/.local/lib/python3.10/site-packages/airflow/utils/sqlalchemy.py:124 DeprecationWarning: The sql_alchemy_conn option in [core] has been moved to the sql_alchemy_conn option in [database] - the old setting has been used, but please update your config.
[2025-03-29T15:58:45.069+0000] {taskinstance.py:1545} INFO - Exporting env vars: AIRFLOW_CTX_DAG_OWNER='airflow' AIRFLOW_CTX_DAG_ID='pipeline' AIRFLOW_CTX_TASK_ID='migration_bronze_level' AIRFLOW_CTX_EXECUTION_DATE='2025-03-28T00:00:00+00:00' AIRFLOW_CTX_TRY_NUMBER='1' AIRFLOW_CTX_DAG_RUN_ID='scheduled__2025-03-28T00:00:00+00:00'
[2025-03-29T15:58:45.073+0000] {subprocess.py:63} INFO - Tmp dir *** location: /tmp
[2025-03-29T15:58:45.076+0000] {subprocess.py:75} INFO - Running command: ['/bin/bash', '-c', 'cd /opt/airflow/bronze_level && pyway migration']
[2025-03-29T15:58:45.089+0000] {subprocess.py:86} INFO - Output:
[2025-03-29T15:58:45.095+0000] {subprocess.py:93} INFO - /bin/bash: line 1: pyway: command not found
[2025-03-29T15:58:45.096+0000] {subprocess.py:97} INFO - Command exited with return code 127
[2025-03-29T15:58:45.116+0000] {taskinstance.py:1824} ERROR - Task failed with exception
Traceback (most recent call last):
  File "/home/airflow/.local/lib/python3.10/site-packages/airflow/operators/bash.py", line 210, in execute
    raise AirflowException(
airflow.exceptions.AirflowException: Bash command failed. The command returned a non-zero exit code 127.
[2025-03-29T15:58:45.120+0000] {taskinstance.py:1345} INFO - Marking task as UP_FOR_RETRY. dag_id=pipeline, task_id=migration_bronze_level, execution_date=20250328T000000, start_date=20250329T155844, end_date=20250329T155845
[2025-03-29T15:58:45.136+0000] {standard_task_runner.py:104} ERROR - Failed to execute job 2 for task migration_bronze_level (Bash command failed. The command returned a non-zero exit code 127.; 186)
[2025-03-29T15:58:45.151+0000] {local_task_job_runner.py:225} INFO - Task exited with return code 1
[2025-03-29T15:58:45.406+0000] {taskinstance.py:2653} INFO - 0 downstream tasks scheduled from follow-on schedule check
[2025-03-29T16:02:22.474+0000] {logging_mixin.py:150} WARNING - /home/airflow/.local/lib/python3.10/site-packages/airflow/utils/sqlalchemy.py:124 DeprecationWarning: The sql_alchemy_conn option in [core] has been moved to the sql_alchemy_conn option in [database] - the old setting has been used, but please update your config.
[2025-03-29T16:02:22.497+0000] {taskinstance.py:1103} INFO - Dependencies all met for dep_context=non-requeueable deps ti=<TaskInstance: pipeline.migration_bronze_level scheduled__2025-03-28T00:00:00+00:00 [queued]>
[2025-03-29T16:02:22.519+0000] {taskinstance.py:1103} INFO - Dependencies all met for dep_context=requeueable deps ti=<TaskInstance: pipeline.migration_bronze_level scheduled__2025-03-28T00:00:00+00:00 [queued]>
[2025-03-29T16:02:22.519+0000] {taskinstance.py:1308} INFO - Starting attempt 1 of 2
[2025-03-29T16:02:22.545+0000] {taskinstance.py:1327} INFO - Executing <Task(BashOperator): migration_bronze_level> on 2025-03-28 00:00:00+00:00
[2025-03-29T16:02:22.563+0000] {standard_task_runner.py:57} INFO - Started process 201 to run task
[2025-03-29T16:02:22.570+0000] {standard_task_runner.py:84} INFO - Running: ['airflow', 'tasks', 'run', 'pipeline', 'migration_bronze_level', 'scheduled__2025-03-28T00:00:00+00:00', '--job-id', '2', '--raw', '--subdir', 'DAGS_FOLDER/pipeline.py', '--cfg-path', '/tmp/tmp73z6jstt']
[2025-03-29T16:02:22.578+0000] {standard_task_runner.py:85} INFO - Job 2: Subtask migration_bronze_level
[2025-03-29T16:02:22.647+0000] {logging_mixin.py:150} WARNING - /home/airflow/.local/lib/python3.10/site-packages/airflow/settings.py:195 DeprecationWarning: The sql_alchemy_conn option in [core] has been moved to the sql_alchemy_conn option in [database] - the old setting has been used, but please update your config.
[2025-03-29T16:02:22.734+0000] {task_command.py:410} INFO - Running <TaskInstance: pipeline.migration_bronze_level scheduled__2025-03-28T00:00:00+00:00 [running]> on host f2348edb462c
[2025-03-29T16:02:22.762+0000] {logging_mixin.py:150} WARNING - /home/airflow/.local/lib/python3.10/site-packages/airflow/utils/sqlalchemy.py:124 DeprecationWarning: The sql_alchemy_conn option in [core] has been moved to the sql_alchemy_conn option in [database] - the old setting has been used, but please update your config.
[2025-03-29T16:02:22.952+0000] {taskinstance.py:1545} INFO - Exporting env vars: AIRFLOW_CTX_DAG_OWNER='airflow' AIRFLOW_CTX_DAG_ID='pipeline' AIRFLOW_CTX_TASK_ID='migration_bronze_level' AIRFLOW_CTX_EXECUTION_DATE='2025-03-28T00:00:00+00:00' AIRFLOW_CTX_TRY_NUMBER='1' AIRFLOW_CTX_DAG_RUN_ID='scheduled__2025-03-28T00:00:00+00:00'
[2025-03-29T16:02:22.957+0000] {subprocess.py:63} INFO - Tmp dir *** location: /tmp
[2025-03-29T16:02:22.959+0000] {subprocess.py:75} INFO - Running command: ['/bin/bash', '-c', 'cd /opt/airflow/bronze_level && pyway migration']
[2025-03-29T16:02:22.974+0000] {subprocess.py:86} INFO - Output:
[2025-03-29T16:02:23.471+0000] {subprocess.py:93} INFO - [94mPyWay 0.3.32[0m
[2025-03-29T16:02:23.501+0000] {subprocess.py:93} INFO - [91mCommand 'migration' not recognized, exiting![0m
[2025-03-29T16:02:23.514+0000] {subprocess.py:97} INFO - Command exited with return code 1
[2025-03-29T16:02:23.535+0000] {taskinstance.py:1824} ERROR - Task failed with exception
Traceback (most recent call last):
  File "/home/airflow/.local/lib/python3.10/site-packages/airflow/operators/bash.py", line 210, in execute
    raise AirflowException(
airflow.exceptions.AirflowException: Bash command failed. The command returned a non-zero exit code 1.
[2025-03-29T16:02:23.546+0000] {taskinstance.py:1345} INFO - Marking task as UP_FOR_RETRY. dag_id=pipeline, task_id=migration_bronze_level, execution_date=20250328T000000, start_date=20250329T160222, end_date=20250329T160223
[2025-03-29T16:02:23.564+0000] {standard_task_runner.py:104} ERROR - Failed to execute job 2 for task migration_bronze_level (Bash command failed. The command returned a non-zero exit code 1.; 201)
[2025-03-29T16:02:23.591+0000] {local_task_job_runner.py:225} INFO - Task exited with return code 1
[2025-03-29T16:02:23.624+0000] {taskinstance.py:2653} INFO - 0 downstream tasks scheduled from follow-on schedule check
[2025-03-29T16:03:16.880+0000] {logging_mixin.py:150} WARNING - /home/airflow/.local/lib/python3.10/site-packages/airflow/utils/sqlalchemy.py:124 DeprecationWarning: The sql_alchemy_conn option in [core] has been moved to the sql_alchemy_conn option in [database] - the old setting has been used, but please update your config.
[2025-03-29T16:03:16.896+0000] {taskinstance.py:1103} INFO - Dependencies all met for dep_context=non-requeueable deps ti=<TaskInstance: pipeline.migration_bronze_level scheduled__2025-03-28T00:00:00+00:00 [queued]>
[2025-03-29T16:03:16.913+0000] {taskinstance.py:1103} INFO - Dependencies all met for dep_context=requeueable deps ti=<TaskInstance: pipeline.migration_bronze_level scheduled__2025-03-28T00:00:00+00:00 [queued]>
[2025-03-29T16:03:16.915+0000] {taskinstance.py:1308} INFO - Starting attempt 1 of 2
[2025-03-29T16:03:16.940+0000] {taskinstance.py:1327} INFO - Executing <Task(BashOperator): migration_bronze_level> on 2025-03-28 00:00:00+00:00
[2025-03-29T16:03:16.967+0000] {standard_task_runner.py:57} INFO - Started process 214 to run task
[2025-03-29T16:03:17.003+0000] {standard_task_runner.py:84} INFO - Running: ['airflow', 'tasks', 'run', 'pipeline', 'migration_bronze_level', 'scheduled__2025-03-28T00:00:00+00:00', '--job-id', '3', '--raw', '--subdir', 'DAGS_FOLDER/pipeline.py', '--cfg-path', '/tmp/tmpduoqbveu']
[2025-03-29T16:03:17.016+0000] {standard_task_runner.py:85} INFO - Job 3: Subtask migration_bronze_level
[2025-03-29T16:03:17.087+0000] {logging_mixin.py:150} WARNING - /home/airflow/.local/lib/python3.10/site-packages/airflow/settings.py:195 DeprecationWarning: The sql_alchemy_conn option in [core] has been moved to the sql_alchemy_conn option in [database] - the old setting has been used, but please update your config.
[2025-03-29T16:03:17.166+0000] {task_command.py:410} INFO - Running <TaskInstance: pipeline.migration_bronze_level scheduled__2025-03-28T00:00:00+00:00 [running]> on host f2348edb462c
[2025-03-29T16:03:17.229+0000] {logging_mixin.py:150} WARNING - /home/airflow/.local/lib/python3.10/site-packages/airflow/utils/sqlalchemy.py:124 DeprecationWarning: The sql_alchemy_conn option in [core] has been moved to the sql_alchemy_conn option in [database] - the old setting has been used, but please update your config.
[2025-03-29T16:03:17.329+0000] {taskinstance.py:1545} INFO - Exporting env vars: AIRFLOW_CTX_DAG_OWNER='airflow' AIRFLOW_CTX_DAG_ID='pipeline' AIRFLOW_CTX_TASK_ID='migration_bronze_level' AIRFLOW_CTX_EXECUTION_DATE='2025-03-28T00:00:00+00:00' AIRFLOW_CTX_TRY_NUMBER='1' AIRFLOW_CTX_DAG_RUN_ID='scheduled__2025-03-28T00:00:00+00:00'
[2025-03-29T16:03:17.330+0000] {subprocess.py:63} INFO - Tmp dir *** location: /tmp
[2025-03-29T16:03:17.332+0000] {subprocess.py:75} INFO - Running command: ['/bin/bash', '-c', 'cd /opt/airflow/bronze_level && pyway migration']
[2025-03-29T16:03:17.344+0000] {subprocess.py:86} INFO - Output:
[2025-03-29T16:03:17.710+0000] {subprocess.py:93} INFO - [94mPyWay 0.3.32[0m
[2025-03-29T16:03:17.734+0000] {subprocess.py:93} INFO - [91mCommand 'migration' not recognized, exiting![0m
[2025-03-29T16:03:17.745+0000] {subprocess.py:97} INFO - Command exited with return code 1
[2025-03-29T16:03:17.768+0000] {taskinstance.py:1824} ERROR - Task failed with exception
Traceback (most recent call last):
  File "/home/airflow/.local/lib/python3.10/site-packages/airflow/operators/bash.py", line 210, in execute
    raise AirflowException(
airflow.exceptions.AirflowException: Bash command failed. The command returned a non-zero exit code 1.
[2025-03-29T16:03:17.772+0000] {taskinstance.py:1345} INFO - Marking task as UP_FOR_RETRY. dag_id=pipeline, task_id=migration_bronze_level, execution_date=20250328T000000, start_date=20250329T160316, end_date=20250329T160317
[2025-03-29T16:03:17.786+0000] {standard_task_runner.py:104} ERROR - Failed to execute job 3 for task migration_bronze_level (Bash command failed. The command returned a non-zero exit code 1.; 214)
[2025-03-29T16:03:17.823+0000] {local_task_job_runner.py:225} INFO - Task exited with return code 1
[2025-03-29T16:03:17.854+0000] {taskinstance.py:2653} INFO - 0 downstream tasks scheduled from follow-on schedule check
[2025-03-29T16:03:46.033+0000] {logging_mixin.py:150} WARNING - /home/airflow/.local/lib/python3.10/site-packages/airflow/utils/sqlalchemy.py:124 DeprecationWarning: The sql_alchemy_conn option in [core] has been moved to the sql_alchemy_conn option in [database] - the old setting has been used, but please update your config.
[2025-03-29T16:03:46.044+0000] {taskinstance.py:1103} INFO - Dependencies all met for dep_context=non-requeueable deps ti=<TaskInstance: pipeline.migration_bronze_level scheduled__2025-03-28T00:00:00+00:00 [queued]>
[2025-03-29T16:03:46.054+0000] {taskinstance.py:1103} INFO - Dependencies all met for dep_context=requeueable deps ti=<TaskInstance: pipeline.migration_bronze_level scheduled__2025-03-28T00:00:00+00:00 [queued]>
[2025-03-29T16:03:46.055+0000] {taskinstance.py:1308} INFO - Starting attempt 1 of 2
[2025-03-29T16:03:46.069+0000] {taskinstance.py:1327} INFO - Executing <Task(BashOperator): migration_bronze_level> on 2025-03-28 00:00:00+00:00
[2025-03-29T16:03:46.075+0000] {standard_task_runner.py:57} INFO - Started process 225 to run task
[2025-03-29T16:03:46.079+0000] {standard_task_runner.py:84} INFO - Running: ['airflow', 'tasks', 'run', 'pipeline', 'migration_bronze_level', 'scheduled__2025-03-28T00:00:00+00:00', '--job-id', '5', '--raw', '--subdir', 'DAGS_FOLDER/pipeline.py', '--cfg-path', '/tmp/tmpyu0r7xea']
[2025-03-29T16:03:46.082+0000] {standard_task_runner.py:85} INFO - Job 5: Subtask migration_bronze_level
[2025-03-29T16:03:46.105+0000] {logging_mixin.py:150} WARNING - /home/airflow/.local/lib/python3.10/site-packages/airflow/settings.py:195 DeprecationWarning: The sql_alchemy_conn option in [core] has been moved to the sql_alchemy_conn option in [database] - the old setting has been used, but please update your config.
[2025-03-29T16:03:46.155+0000] {task_command.py:410} INFO - Running <TaskInstance: pipeline.migration_bronze_level scheduled__2025-03-28T00:00:00+00:00 [running]> on host f2348edb462c
[2025-03-29T16:03:46.173+0000] {logging_mixin.py:150} WARNING - /home/airflow/.local/lib/python3.10/site-packages/airflow/utils/sqlalchemy.py:124 DeprecationWarning: The sql_alchemy_conn option in [core] has been moved to the sql_alchemy_conn option in [database] - the old setting has been used, but please update your config.
[2025-03-29T16:03:46.257+0000] {taskinstance.py:1545} INFO - Exporting env vars: AIRFLOW_CTX_DAG_OWNER='airflow' AIRFLOW_CTX_DAG_ID='pipeline' AIRFLOW_CTX_TASK_ID='migration_bronze_level' AIRFLOW_CTX_EXECUTION_DATE='2025-03-28T00:00:00+00:00' AIRFLOW_CTX_TRY_NUMBER='1' AIRFLOW_CTX_DAG_RUN_ID='scheduled__2025-03-28T00:00:00+00:00'
[2025-03-29T16:03:46.258+0000] {subprocess.py:63} INFO - Tmp dir *** location: /tmp
[2025-03-29T16:03:46.263+0000] {subprocess.py:75} INFO - Running command: ['/bin/bash', '-c', 'cd /opt/airflow/bronze_level && pyway migration']
[2025-03-29T16:03:46.276+0000] {subprocess.py:86} INFO - Output:
[2025-03-29T16:03:46.617+0000] {subprocess.py:93} INFO - [94mPyWay 0.3.32[0m
[2025-03-29T16:03:46.642+0000] {subprocess.py:93} INFO - [91mCommand 'migration' not recognized, exiting![0m
[2025-03-29T16:03:46.668+0000] {subprocess.py:97} INFO - Command exited with return code 1
[2025-03-29T16:03:46.688+0000] {taskinstance.py:1824} ERROR - Task failed with exception
Traceback (most recent call last):
  File "/home/airflow/.local/lib/python3.10/site-packages/airflow/operators/bash.py", line 210, in execute
    raise AirflowException(
airflow.exceptions.AirflowException: Bash command failed. The command returned a non-zero exit code 1.
[2025-03-29T16:03:46.693+0000] {taskinstance.py:1345} INFO - Marking task as UP_FOR_RETRY. dag_id=pipeline, task_id=migration_bronze_level, execution_date=20250328T000000, start_date=20250329T160346, end_date=20250329T160346
[2025-03-29T16:03:46.706+0000] {standard_task_runner.py:104} ERROR - Failed to execute job 5 for task migration_bronze_level (Bash command failed. The command returned a non-zero exit code 1.; 225)
[2025-03-29T16:03:46.735+0000] {local_task_job_runner.py:225} INFO - Task exited with return code 1
[2025-03-29T16:03:46.770+0000] {taskinstance.py:2653} INFO - 0 downstream tasks scheduled from follow-on schedule check
[2025-03-29T16:14:17.650+0000] {logging_mixin.py:150} WARNING - /home/airflow/.local/lib/python3.10/site-packages/airflow/utils/sqlalchemy.py:124 DeprecationWarning: The sql_alchemy_conn option in [core] has been moved to the sql_alchemy_conn option in [database] - the old setting has been used, but please update your config.
[2025-03-29T16:14:17.662+0000] {taskinstance.py:1103} INFO - Dependencies all met for dep_context=non-requeueable deps ti=<TaskInstance: pipeline.migration_bronze_level scheduled__2025-03-28T00:00:00+00:00 [queued]>
[2025-03-29T16:14:17.673+0000] {taskinstance.py:1103} INFO - Dependencies all met for dep_context=requeueable deps ti=<TaskInstance: pipeline.migration_bronze_level scheduled__2025-03-28T00:00:00+00:00 [queued]>
[2025-03-29T16:14:17.674+0000] {taskinstance.py:1308} INFO - Starting attempt 1 of 2
[2025-03-29T16:14:17.688+0000] {taskinstance.py:1327} INFO - Executing <Task(BashOperator): migration_bronze_level> on 2025-03-28 00:00:00+00:00
[2025-03-29T16:14:17.695+0000] {standard_task_runner.py:57} INFO - Started process 206 to run task
[2025-03-29T16:14:17.699+0000] {standard_task_runner.py:84} INFO - Running: ['airflow', 'tasks', 'run', 'pipeline', 'migration_bronze_level', 'scheduled__2025-03-28T00:00:00+00:00', '--job-id', '2', '--raw', '--subdir', 'DAGS_FOLDER/pipeline.py', '--cfg-path', '/tmp/tmppxrcbgvu']
[2025-03-29T16:14:17.703+0000] {standard_task_runner.py:85} INFO - Job 2: Subtask migration_bronze_level
[2025-03-29T16:14:17.737+0000] {logging_mixin.py:150} WARNING - /home/airflow/.local/lib/python3.10/site-packages/airflow/settings.py:195 DeprecationWarning: The sql_alchemy_conn option in [core] has been moved to the sql_alchemy_conn option in [database] - the old setting has been used, but please update your config.
[2025-03-29T16:14:17.791+0000] {task_command.py:410} INFO - Running <TaskInstance: pipeline.migration_bronze_level scheduled__2025-03-28T00:00:00+00:00 [running]> on host a21902ff5a0f
[2025-03-29T16:14:17.813+0000] {logging_mixin.py:150} WARNING - /home/airflow/.local/lib/python3.10/site-packages/airflow/utils/sqlalchemy.py:124 DeprecationWarning: The sql_alchemy_conn option in [core] has been moved to the sql_alchemy_conn option in [database] - the old setting has been used, but please update your config.
[2025-03-29T16:14:18.091+0000] {taskinstance.py:1545} INFO - Exporting env vars: AIRFLOW_CTX_DAG_OWNER='airflow' AIRFLOW_CTX_DAG_ID='pipeline' AIRFLOW_CTX_TASK_ID='migration_bronze_level' AIRFLOW_CTX_EXECUTION_DATE='2025-03-28T00:00:00+00:00' AIRFLOW_CTX_TRY_NUMBER='1' AIRFLOW_CTX_DAG_RUN_ID='scheduled__2025-03-28T00:00:00+00:00'
[2025-03-29T16:14:18.114+0000] {subprocess.py:63} INFO - Tmp dir *** location: /tmp
[2025-03-29T16:14:18.134+0000] {subprocess.py:75} INFO - Running command: ['/bin/bash', '-c', 'cd /opt/airflow/bronze_level && pyway migration']
[2025-03-29T16:14:18.165+0000] {subprocess.py:86} INFO - Output:
[2025-03-29T16:14:19.406+0000] {subprocess.py:93} INFO - [94mPyWay 0.3.32[0m
[2025-03-29T16:14:19.430+0000] {subprocess.py:93} INFO - [91mCommand 'migration' not recognized, exiting![0m
[2025-03-29T16:14:19.441+0000] {subprocess.py:97} INFO - Command exited with return code 1
[2025-03-29T16:14:19.479+0000] {taskinstance.py:1824} ERROR - Task failed with exception
Traceback (most recent call last):
  File "/home/airflow/.local/lib/python3.10/site-packages/airflow/operators/bash.py", line 210, in execute
    raise AirflowException(
airflow.exceptions.AirflowException: Bash command failed. The command returned a non-zero exit code 1.
[2025-03-29T16:14:19.485+0000] {taskinstance.py:1345} INFO - Marking task as UP_FOR_RETRY. dag_id=pipeline, task_id=migration_bronze_level, execution_date=20250328T000000, start_date=20250329T161417, end_date=20250329T161419
[2025-03-29T16:14:19.515+0000] {standard_task_runner.py:104} ERROR - Failed to execute job 2 for task migration_bronze_level (Bash command failed. The command returned a non-zero exit code 1.; 206)
[2025-03-29T16:14:19.546+0000] {local_task_job_runner.py:225} INFO - Task exited with return code 1
[2025-03-29T16:14:19.580+0000] {taskinstance.py:2653} INFO - 0 downstream tasks scheduled from follow-on schedule check
[2025-03-29T16:16:36.821+0000] {logging_mixin.py:150} WARNING - /home/airflow/.local/lib/python3.10/site-packages/airflow/utils/sqlalchemy.py:124 DeprecationWarning: The sql_alchemy_conn option in [core] has been moved to the sql_alchemy_conn option in [database] - the old setting has been used, but please update your config.
[2025-03-29T16:16:36.849+0000] {taskinstance.py:1103} INFO - Dependencies all met for dep_context=non-requeueable deps ti=<TaskInstance: pipeline.migration_bronze_level scheduled__2025-03-28T00:00:00+00:00 [queued]>
[2025-03-29T16:16:36.877+0000] {taskinstance.py:1103} INFO - Dependencies all met for dep_context=requeueable deps ti=<TaskInstance: pipeline.migration_bronze_level scheduled__2025-03-28T00:00:00+00:00 [queued]>
[2025-03-29T16:16:36.878+0000] {taskinstance.py:1308} INFO - Starting attempt 1 of 2
[2025-03-29T16:16:36.906+0000] {taskinstance.py:1327} INFO - Executing <Task(BashOperator): migration_bronze_level> on 2025-03-28 00:00:00+00:00
[2025-03-29T16:16:36.938+0000] {standard_task_runner.py:57} INFO - Started process 243 to run task
[2025-03-29T16:16:36.960+0000] {standard_task_runner.py:84} INFO - Running: ['airflow', 'tasks', 'run', 'pipeline', 'migration_bronze_level', 'scheduled__2025-03-28T00:00:00+00:00', '--job-id', '6', '--raw', '--subdir', 'DAGS_FOLDER/pipeline.py', '--cfg-path', '/tmp/tmptcnbhk5n']
[2025-03-29T16:16:37.004+0000] {standard_task_runner.py:85} INFO - Job 6: Subtask migration_bronze_level
[2025-03-29T16:16:37.272+0000] {logging_mixin.py:150} WARNING - /home/airflow/.local/lib/python3.10/site-packages/airflow/settings.py:195 DeprecationWarning: The sql_alchemy_conn option in [core] has been moved to the sql_alchemy_conn option in [database] - the old setting has been used, but please update your config.
[2025-03-29T16:16:37.540+0000] {task_command.py:410} INFO - Running <TaskInstance: pipeline.migration_bronze_level scheduled__2025-03-28T00:00:00+00:00 [running]> on host a21902ff5a0f
[2025-03-29T16:16:37.898+0000] {logging_mixin.py:150} WARNING - /home/airflow/.local/lib/python3.10/site-packages/airflow/utils/sqlalchemy.py:124 DeprecationWarning: The sql_alchemy_conn option in [core] has been moved to the sql_alchemy_conn option in [database] - the old setting has been used, but please update your config.
[2025-03-29T16:16:38.618+0000] {taskinstance.py:1545} INFO - Exporting env vars: AIRFLOW_CTX_DAG_OWNER='airflow' AIRFLOW_CTX_DAG_ID='pipeline' AIRFLOW_CTX_TASK_ID='migration_bronze_level' AIRFLOW_CTX_EXECUTION_DATE='2025-03-28T00:00:00+00:00' AIRFLOW_CTX_TRY_NUMBER='1' AIRFLOW_CTX_DAG_RUN_ID='scheduled__2025-03-28T00:00:00+00:00'
[2025-03-29T16:16:38.635+0000] {subprocess.py:63} INFO - Tmp dir *** location: /tmp
[2025-03-29T16:16:38.652+0000] {subprocess.py:75} INFO - Running command: ['/bin/bash', '-c', 'cd /opt/airflow/bronze_level && pyway migrate']
[2025-03-29T16:16:38.730+0000] {subprocess.py:86} INFO - Output:
[2025-03-29T16:16:41.715+0000] {subprocess.py:93} INFO - [94mPyWay 0.3.32[0m
[2025-03-29T16:16:41.860+0000] {subprocess.py:93} INFO - [94mStarting validation process[0m
[2025-03-29T16:16:42.441+0000] {subprocess.py:93} INFO - [94m[94mValidating --> V01_01__add_fraud_transaction.sql
[2025-03-29T16:16:42.443+0000] {subprocess.py:93} INFO - [0m[92mV01_01__add_fraud_transaction.sql VALID
[2025-03-29T16:16:42.445+0000] {subprocess.py:93} INFO - [0m[0m
[2025-03-29T16:16:42.447+0000] {subprocess.py:93} INFO - [94mValidation completed.[0m
[2025-03-29T16:16:42.451+0000] {subprocess.py:93} INFO - [94mStarting migration process...[0m
[2025-03-29T16:16:42.562+0000] {subprocess.py:93} INFO - [94m[91mNothing to do
[2025-03-29T16:16:42.568+0000] {subprocess.py:93} INFO - [0m[0m
[2025-03-29T16:16:42.573+0000] {subprocess.py:93} INFO - [94mMigration completed.[0m
[2025-03-29T16:16:42.664+0000] {subprocess.py:97} INFO - Command exited with return code 0
[2025-03-29T16:16:42.923+0000] {taskinstance.py:1345} INFO - Marking task as SUCCESS. dag_id=pipeline, task_id=migration_bronze_level, execution_date=20250328T000000, start_date=20250329T161636, end_date=20250329T161642
[2025-03-29T16:16:43.124+0000] {local_task_job_runner.py:225} INFO - Task exited with return code 0
[2025-03-29T16:16:44.078+0000] {taskinstance.py:2653} INFO - 0 downstream tasks scheduled from follow-on schedule check
