[2025-03-29T16:16:59.238+0000] {logging_mixin.py:150} WARNING - /home/airflow/.local/lib/python3.10/site-packages/airflow/utils/sqlalchemy.py:124 DeprecationWarning: The sql_alchemy_conn option in [core] has been moved to the sql_alchemy_conn option in [database] - the old setting has been used, but please update your config.
[2025-03-29T16:16:59.276+0000] {taskinstance.py:1103} INFO - Dependencies all met for dep_context=non-requeueable deps ti=<TaskInstance: pipeline.migration_silver_level scheduled__2025-03-28T00:00:00+00:00 [queued]>
[2025-03-29T16:16:59.303+0000] {taskinstance.py:1103} INFO - Dependencies all met for dep_context=requeueable deps ti=<TaskInstance: pipeline.migration_silver_level scheduled__2025-03-28T00:00:00+00:00 [queued]>
[2025-03-29T16:16:59.304+0000] {taskinstance.py:1308} INFO - Starting attempt 1 of 2
[2025-03-29T16:16:59.335+0000] {taskinstance.py:1327} INFO - Executing <Task(BashOperator): migration_silver_level> on 2025-03-28 00:00:00+00:00
[2025-03-29T16:16:59.344+0000] {standard_task_runner.py:57} INFO - Started process 249 to run task
[2025-03-29T16:16:59.352+0000] {standard_task_runner.py:84} INFO - Running: ['airflow', 'tasks', 'run', 'pipeline', 'migration_silver_level', 'scheduled__2025-03-28T00:00:00+00:00', '--job-id', '8', '--raw', '--subdir', 'DAGS_FOLDER/pipeline.py', '--cfg-path', '/tmp/tmper6fv93q']
[2025-03-29T16:16:59.359+0000] {standard_task_runner.py:85} INFO - Job 8: Subtask migration_silver_level
[2025-03-29T16:16:59.411+0000] {logging_mixin.py:150} WARNING - /home/airflow/.local/lib/python3.10/site-packages/airflow/settings.py:195 DeprecationWarning: The sql_alchemy_conn option in [core] has been moved to the sql_alchemy_conn option in [database] - the old setting has been used, but please update your config.
[2025-03-29T16:16:59.509+0000] {task_command.py:410} INFO - Running <TaskInstance: pipeline.migration_silver_level scheduled__2025-03-28T00:00:00+00:00 [running]> on host a21902ff5a0f
[2025-03-29T16:16:59.547+0000] {logging_mixin.py:150} WARNING - /home/airflow/.local/lib/python3.10/site-packages/airflow/utils/sqlalchemy.py:124 DeprecationWarning: The sql_alchemy_conn option in [core] has been moved to the sql_alchemy_conn option in [database] - the old setting has been used, but please update your config.
[2025-03-29T16:16:59.721+0000] {taskinstance.py:1545} INFO - Exporting env vars: AIRFLOW_CTX_DAG_OWNER='airflow' AIRFLOW_CTX_DAG_ID='pipeline' AIRFLOW_CTX_TASK_ID='migration_silver_level' AIRFLOW_CTX_EXECUTION_DATE='2025-03-28T00:00:00+00:00' AIRFLOW_CTX_TRY_NUMBER='1' AIRFLOW_CTX_DAG_RUN_ID='scheduled__2025-03-28T00:00:00+00:00'
[2025-03-29T16:16:59.724+0000] {subprocess.py:63} INFO - Tmp dir *** location: /tmp
[2025-03-29T16:16:59.726+0000] {subprocess.py:75} INFO - Running command: ['/bin/bash', '-c', 'cd /opt/airflow/silver_level && pyway migrate']
[2025-03-29T16:16:59.752+0000] {subprocess.py:86} INFO - Output:
[2025-03-29T16:17:00.821+0000] {subprocess.py:93} INFO - [94mPyWay 0.3.32[0m
[2025-03-29T16:17:00.885+0000] {subprocess.py:93} INFO - [94mStarting validation process[0m
[2025-03-29T16:17:01.004+0000] {subprocess.py:93} INFO - Traceback (most recent call last):
[2025-03-29T16:17:01.005+0000] {subprocess.py:93} INFO -   File "/home/airflow/.local/bin/pyway", line 8, in <module>
[2025-03-29T16:17:01.007+0000] {subprocess.py:93} INFO -     sys.exit(cli())
[2025-03-29T16:17:01.010+0000] {subprocess.py:93} INFO -   File "/home/airflow/.local/lib/python3.10/site-packages/pyway/scripts/main.py", line 66, in cli
[2025-03-29T16:17:01.011+0000] {subprocess.py:93} INFO -     migrate(config)
[2025-03-29T16:17:01.013+0000] {subprocess.py:93} INFO -   File "/home/airflow/.local/lib/python3.10/site-packages/pyway/scripts/main.py", line 17, in migrate
[2025-03-29T16:17:01.014+0000] {subprocess.py:93} INFO -     validate(config, skip_errors=True)
[2025-03-29T16:17:01.015+0000] {subprocess.py:93} INFO -   File "/home/airflow/.local/lib/python3.10/site-packages/pyway/scripts/main.py", line 27, in validate
[2025-03-29T16:17:01.017+0000] {subprocess.py:93} INFO -     output = Validate(config).run(skip_initial_check=True)
[2025-03-29T16:17:01.019+0000] {subprocess.py:93} INFO -   File "/home/airflow/.local/lib/python3.10/site-packages/pyway/validate.py", line 16, in __init__
[2025-03-29T16:17:01.020+0000] {subprocess.py:93} INFO -     self._db = factory(args.database_type)(args)
[2025-03-29T16:17:01.022+0000] {subprocess.py:93} INFO -   File "/home/airflow/.local/lib/python3.10/site-packages/pyway/dbms/postgres.py", line 28, in __init__
[2025-03-29T16:17:01.023+0000] {subprocess.py:93} INFO -     self.create_version_table_if_not_exists()
[2025-03-29T16:17:01.024+0000] {subprocess.py:93} INFO -   File "/home/airflow/.local/lib/python3.10/site-packages/pyway/dbms/postgres.py", line 43, in create_version_table_if_not_exists
[2025-03-29T16:17:01.026+0000] {subprocess.py:93} INFO -     self.execute(CREATE_VERSION_MIGRATIONS % self.version_table)
[2025-03-29T16:17:01.028+0000] {subprocess.py:93} INFO -   File "/home/airflow/.local/lib/python3.10/site-packages/pyway/dbms/postgres.py", line 46, in execute
[2025-03-29T16:17:01.029+0000] {subprocess.py:93} INFO -     conn = self.connect()
[2025-03-29T16:17:01.031+0000] {subprocess.py:93} INFO -   File "/home/airflow/.local/lib/python3.10/site-packages/pyway/dbms/postgres.py", line 40, in connect
[2025-03-29T16:17:01.033+0000] {subprocess.py:93} INFO -     return psycopg2.connect(connection_string)
[2025-03-29T16:17:01.035+0000] {subprocess.py:93} INFO -   File "/home/airflow/.local/lib/python3.10/site-packages/psycopg2/__init__.py", line 122, in connect
[2025-03-29T16:17:01.036+0000] {subprocess.py:93} INFO -     conn = _connect(dsn, connection_factory=connection_factory, **kwasync)
[2025-03-29T16:17:01.038+0000] {subprocess.py:93} INFO - psycopg2.OperationalError: connection to server at "fraud_analysis_transformation" (192.168.0.2), port 5432 failed: FATAL:  database "airflow" does not exist
[2025-03-29T16:17:01.039+0000] {subprocess.py:93} INFO - 
[2025-03-29T16:17:01.048+0000] {subprocess.py:97} INFO - Command exited with return code 1
[2025-03-29T16:17:01.086+0000] {taskinstance.py:1824} ERROR - Task failed with exception
Traceback (most recent call last):
  File "/home/airflow/.local/lib/python3.10/site-packages/airflow/operators/bash.py", line 210, in execute
    raise AirflowException(
airflow.exceptions.AirflowException: Bash command failed. The command returned a non-zero exit code 1.
[2025-03-29T16:17:01.095+0000] {taskinstance.py:1345} INFO - Marking task as UP_FOR_RETRY. dag_id=pipeline, task_id=migration_silver_level, execution_date=20250328T000000, start_date=20250329T161659, end_date=20250329T161701
[2025-03-29T16:17:01.126+0000] {standard_task_runner.py:104} ERROR - Failed to execute job 8 for task migration_silver_level (Bash command failed. The command returned a non-zero exit code 1.; 249)
[2025-03-29T16:17:01.166+0000] {local_task_job_runner.py:225} INFO - Task exited with return code 1
[2025-03-29T16:17:01.782+0000] {taskinstance.py:2653} INFO - 0 downstream tasks scheduled from follow-on schedule check
