[2025-03-28T15:51:07.297+0000] {taskinstance.py:1103} INFO - Dependencies all met for dep_context=non-requeueable deps ti=<TaskInstance: pipeline.bronze_level manual__2025-03-28T15:51:05.282049+00:00 [queued]>
[2025-03-28T15:51:07.312+0000] {taskinstance.py:1103} INFO - Dependencies all met for dep_context=requeueable deps ti=<TaskInstance: pipeline.bronze_level manual__2025-03-28T15:51:05.282049+00:00 [queued]>
[2025-03-28T15:51:07.313+0000] {taskinstance.py:1308} INFO - Starting attempt 1 of 2
[2025-03-28T15:51:07.329+0000] {taskinstance.py:1327} INFO - Executing <Task(BashOperator): bronze_level> on 2025-03-28 15:51:05.282049+00:00
[2025-03-28T15:51:07.358+0000] {standard_task_runner.py:57} INFO - Started process 188 to run task
[2025-03-28T15:51:07.366+0000] {standard_task_runner.py:84} INFO - Running: ['airflow', 'tasks', 'run', 'pipeline', 'bronze_level', 'manual__2025-03-28T15:51:05.282049+00:00', '--job-id', '6', '--raw', '--subdir', 'DAGS_FOLDER/pipeline.py', '--cfg-path', '/tmp/tmpwqorqugq']
[2025-03-28T15:51:07.381+0000] {standard_task_runner.py:85} INFO - Job 6: Subtask bronze_level
[2025-03-28T15:51:07.423+0000] {logging_mixin.py:150} WARNING - /home/airflow/.local/lib/python3.10/site-packages/airflow/settings.py:195 DeprecationWarning: The sql_alchemy_conn option in [core] has been moved to the sql_alchemy_conn option in [database] - the old setting has been used, but please update your config.
[2025-03-28T15:51:07.475+0000] {task_command.py:410} INFO - Running <TaskInstance: pipeline.bronze_level manual__2025-03-28T15:51:05.282049+00:00 [running]> on host b51ad7d62427
[2025-03-28T15:51:07.616+0000] {taskinstance.py:1545} INFO - Exporting env vars: AIRFLOW_CTX_DAG_OWNER='airflow' AIRFLOW_CTX_DAG_ID='pipeline' AIRFLOW_CTX_TASK_ID='bronze_level' AIRFLOW_CTX_EXECUTION_DATE='2025-03-28T15:51:05.282049+00:00' AIRFLOW_CTX_TRY_NUMBER='1' AIRFLOW_CTX_DAG_RUN_ID='manual__2025-03-28T15:51:05.282049+00:00'
[2025-03-28T15:51:07.620+0000] {subprocess.py:63} INFO - Tmp dir *** location: /tmp
[2025-03-28T15:51:07.622+0000] {subprocess.py:75} INFO - Running command: ['/bin/bash', '-c', 'python3 /opt/airflow/bronze_level/main.py']
[2025-03-28T15:51:07.647+0000] {subprocess.py:86} INFO - Output:
[2025-03-28T15:51:08.140+0000] {subprocess.py:93} INFO - ERROR:persistence.login_db_service:Errore durante la connessione al database: connection to server at "fraud_analysis_integration" (172.25.0.2), port 5432 failed: FATAL:  database "airflow" does not exist
[2025-03-28T15:51:08.141+0000] {subprocess.py:93} INFO - 
[2025-03-28T15:51:08.141+0000] {subprocess.py:93} INFO - Traceback (most recent call last):
[2025-03-28T15:51:08.142+0000] {subprocess.py:93} INFO -   File "/opt/airflow/bronze_level/main.py", line 10, in <module>
[2025-03-28T15:51:08.142+0000] {subprocess.py:93} INFO -     for line in read_fraud_file(file_path):
[2025-03-28T15:51:08.143+0000] {subprocess.py:93} INFO -   File "/opt/airflow/bronze_level/persistence/read_csv.py", line 10, in read_fraud_file
[2025-03-28T15:51:08.144+0000] {subprocess.py:93} INFO -     with open(path, 'r', encoding='utf-8') as file:
[2025-03-28T15:51:08.146+0000] {subprocess.py:93} INFO - FileNotFoundError: [Errno 2] No such file or directory: 'data/synthetic_fraud_data.csv'
[2025-03-28T15:51:08.153+0000] {subprocess.py:97} INFO - Command exited with return code 1
[2025-03-28T15:51:08.168+0000] {taskinstance.py:1824} ERROR - Task failed with exception
Traceback (most recent call last):
  File "/home/airflow/.local/lib/python3.10/site-packages/airflow/operators/bash.py", line 210, in execute
    raise AirflowException(
airflow.exceptions.AirflowException: Bash command failed. The command returned a non-zero exit code 1.
[2025-03-28T15:51:08.173+0000] {taskinstance.py:1345} INFO - Marking task as UP_FOR_RETRY. dag_id=pipeline, task_id=bronze_level, execution_date=20250328T155105, start_date=20250328T155107, end_date=20250328T155108
[2025-03-28T15:51:08.191+0000] {standard_task_runner.py:104} ERROR - Failed to execute job 6 for task bronze_level (Bash command failed. The command returned a non-zero exit code 1.; 188)
[2025-03-28T15:51:08.231+0000] {local_task_job_runner.py:225} INFO - Task exited with return code 1
[2025-03-28T15:51:08.264+0000] {taskinstance.py:2653} INFO - 0 downstream tasks scheduled from follow-on schedule check
