[2025-03-29T15:51:45.688+0000] {taskinstance.py:1103} INFO - Dependencies all met for dep_context=non-requeueable deps ti=<TaskInstance: pipeline.silver_level manual__2025-03-29T15:51:35.401221+00:00 [queued]>
[2025-03-29T15:51:45.701+0000] {taskinstance.py:1103} INFO - Dependencies all met for dep_context=requeueable deps ti=<TaskInstance: pipeline.silver_level manual__2025-03-29T15:51:35.401221+00:00 [queued]>
[2025-03-29T15:51:45.702+0000] {taskinstance.py:1308} INFO - Starting attempt 1 of 2
[2025-03-29T15:51:45.731+0000] {taskinstance.py:1327} INFO - Executing <Task(BashOperator): silver_level> on 2025-03-29 15:51:35.401221+00:00
[2025-03-29T15:51:45.739+0000] {standard_task_runner.py:57} INFO - Started process 206 to run task
[2025-03-29T15:51:45.745+0000] {standard_task_runner.py:84} INFO - Running: ['airflow', 'tasks', 'run', 'pipeline', 'silver_level', 'manual__2025-03-29T15:51:35.401221+00:00', '--job-id', '5', '--raw', '--subdir', 'DAGS_FOLDER/pipeline.py', '--cfg-path', '/tmp/tmpjoqxms8e']
[2025-03-29T15:51:45.750+0000] {standard_task_runner.py:85} INFO - Job 5: Subtask silver_level
[2025-03-29T15:51:45.781+0000] {logging_mixin.py:150} WARNING - /home/airflow/.local/lib/python3.10/site-packages/airflow/settings.py:195 DeprecationWarning: The sql_alchemy_conn option in [core] has been moved to the sql_alchemy_conn option in [database] - the old setting has been used, but please update your config.
[2025-03-29T15:51:47.561+0000] {task_command.py:410} INFO - Running <TaskInstance: pipeline.silver_level manual__2025-03-29T15:51:35.401221+00:00 [running]> on host 9bcac38e570f
[2025-03-29T15:51:47.780+0000] {taskinstance.py:1545} INFO - Exporting env vars: AIRFLOW_CTX_DAG_OWNER='airflow' AIRFLOW_CTX_DAG_ID='pipeline' AIRFLOW_CTX_TASK_ID='silver_level' AIRFLOW_CTX_EXECUTION_DATE='2025-03-29T15:51:35.401221+00:00' AIRFLOW_CTX_TRY_NUMBER='1' AIRFLOW_CTX_DAG_RUN_ID='manual__2025-03-29T15:51:35.401221+00:00'
[2025-03-29T15:51:47.785+0000] {subprocess.py:63} INFO - Tmp dir *** location: /tmp
[2025-03-29T15:51:47.786+0000] {subprocess.py:75} INFO - Running command: ['/bin/bash', '-c', 'python3 /opt/airflow/silver_level/main.py']
[2025-03-29T15:51:47.810+0000] {subprocess.py:86} INFO - Output:
[2025-03-29T15:51:48.421+0000] {subprocess.py:93} INFO - INFO:DatabaseConnector:Connessione al database riuscita!
[2025-03-29T15:51:48.433+0000] {subprocess.py:93} INFO - INFO:DatabaseConnector:Connessione al database riuscita!
[2025-03-29T15:51:48.435+0000] {subprocess.py:93} INFO - DEBUG:DatabaseConnector:b"SELECT \n        merchant_category, \n        merchant_type,\n        merchant \n        FROM fraud_transaction \n        WHERE batch_id = 'b695ed8c-143e-4919-8f25-300da876c2b0'"
[2025-03-29T15:51:48.436+0000] {subprocess.py:93} INFO - Traceback (most recent call last):
[2025-03-29T15:51:48.436+0000] {subprocess.py:93} INFO -   File "/opt/airflow/silver_level/main.py", line 12, in <module>
[2025-03-29T15:51:48.437+0000] {subprocess.py:93} INFO -     merchant = read_data(integration_connection, 'b695ed8c-143e-4919-8f25-300da876c2b0')
[2025-03-29T15:51:48.438+0000] {subprocess.py:93} INFO -   File "/opt/airflow/silver_level/persistence/merchant/read_merchant.py", line 10, in read_data
[2025-03-29T15:51:48.438+0000] {subprocess.py:93} INFO -     curr.execute(query, (batch_id,))
[2025-03-29T15:51:48.439+0000] {subprocess.py:93} INFO -   File "/home/airflow/.local/lib/python3.10/site-packages/psycopg2/extras.py", line 445, in execute
[2025-03-29T15:51:48.440+0000] {subprocess.py:93} INFO -     return super().execute(query, vars)
[2025-03-29T15:51:48.441+0000] {subprocess.py:93} INFO - psycopg2.errors.UndefinedTable: relation "fraud_transaction" does not exist
[2025-03-29T15:51:48.442+0000] {subprocess.py:93} INFO - LINE 5:         FROM fraud_transaction
[2025-03-29T15:51:48.443+0000] {subprocess.py:93} INFO -                      ^
[2025-03-29T15:51:48.444+0000] {subprocess.py:93} INFO - 
[2025-03-29T15:51:48.454+0000] {subprocess.py:97} INFO - Command exited with return code 1
[2025-03-29T15:51:48.475+0000] {taskinstance.py:1824} ERROR - Task failed with exception
Traceback (most recent call last):
  File "/home/airflow/.local/lib/python3.10/site-packages/airflow/operators/bash.py", line 210, in execute
    raise AirflowException(
airflow.exceptions.AirflowException: Bash command failed. The command returned a non-zero exit code 1.
[2025-03-29T15:51:48.482+0000] {taskinstance.py:1345} INFO - Marking task as UP_FOR_RETRY. dag_id=pipeline, task_id=silver_level, execution_date=20250329T155135, start_date=20250329T155145, end_date=20250329T155148
[2025-03-29T15:51:48.501+0000] {standard_task_runner.py:104} ERROR - Failed to execute job 5 for task silver_level (Bash command failed. The command returned a non-zero exit code 1.; 206)
[2025-03-29T15:51:48.544+0000] {local_task_job_runner.py:225} INFO - Task exited with return code 1
[2025-03-29T15:51:48.585+0000] {taskinstance.py:2653} INFO - 0 downstream tasks scheduled from follow-on schedule check
