[2025-03-29T15:51:06.975+0000] {logging_mixin.py:150} WARNING - /home/airflow/.local/lib/python3.10/site-packages/airflow/utils/sqlalchemy.py:124 DeprecationWarning: The sql_alchemy_conn option in [core] has been moved to the sql_alchemy_conn option in [database] - the old setting has been used, but please update your config.
[2025-03-29T15:51:06.988+0000] {taskinstance.py:1103} INFO - Dependencies all met for dep_context=non-requeueable deps ti=<TaskInstance: pipeline.silver_level scheduled__2025-03-28T00:00:00+00:00 [queued]>
[2025-03-29T15:51:06.997+0000] {taskinstance.py:1103} INFO - Dependencies all met for dep_context=requeueable deps ti=<TaskInstance: pipeline.silver_level scheduled__2025-03-28T00:00:00+00:00 [queued]>
[2025-03-29T15:51:06.997+0000] {taskinstance.py:1308} INFO - Starting attempt 1 of 2
[2025-03-29T15:51:07.012+0000] {taskinstance.py:1327} INFO - Executing <Task(BashOperator): silver_level> on 2025-03-28 00:00:00+00:00
[2025-03-29T15:51:07.017+0000] {standard_task_runner.py:57} INFO - Started process 189 to run task
[2025-03-29T15:51:07.021+0000] {standard_task_runner.py:84} INFO - Running: ['airflow', 'tasks', 'run', 'pipeline', 'silver_level', 'scheduled__2025-03-28T00:00:00+00:00', '--job-id', '3', '--raw', '--subdir', 'DAGS_FOLDER/pipeline.py', '--cfg-path', '/tmp/tmp9im6rsf8']
[2025-03-29T15:51:07.025+0000] {standard_task_runner.py:85} INFO - Job 3: Subtask silver_level
[2025-03-29T15:51:07.050+0000] {logging_mixin.py:150} WARNING - /home/airflow/.local/lib/python3.10/site-packages/airflow/settings.py:195 DeprecationWarning: The sql_alchemy_conn option in [core] has been moved to the sql_alchemy_conn option in [database] - the old setting has been used, but please update your config.
[2025-03-29T15:51:07.241+0000] {task_command.py:410} INFO - Running <TaskInstance: pipeline.silver_level scheduled__2025-03-28T00:00:00+00:00 [running]> on host 9bcac38e570f
[2025-03-29T15:51:07.259+0000] {logging_mixin.py:150} WARNING - /home/airflow/.local/lib/python3.10/site-packages/airflow/utils/sqlalchemy.py:124 DeprecationWarning: The sql_alchemy_conn option in [core] has been moved to the sql_alchemy_conn option in [database] - the old setting has been used, but please update your config.
[2025-03-29T15:51:07.336+0000] {taskinstance.py:1545} INFO - Exporting env vars: AIRFLOW_CTX_DAG_OWNER='airflow' AIRFLOW_CTX_DAG_ID='pipeline' AIRFLOW_CTX_TASK_ID='silver_level' AIRFLOW_CTX_EXECUTION_DATE='2025-03-28T00:00:00+00:00' AIRFLOW_CTX_TRY_NUMBER='1' AIRFLOW_CTX_DAG_RUN_ID='scheduled__2025-03-28T00:00:00+00:00'
[2025-03-29T15:51:07.337+0000] {subprocess.py:63} INFO - Tmp dir *** location: /tmp
[2025-03-29T15:51:07.338+0000] {subprocess.py:75} INFO - Running command: ['/bin/bash', '-c', 'python3 /opt/airflow/silver_level/main.py']
[2025-03-29T15:51:07.348+0000] {subprocess.py:86} INFO - Output:
[2025-03-29T15:51:07.756+0000] {subprocess.py:93} INFO - INFO:DatabaseConnector:Connessione al database riuscita!
[2025-03-29T15:51:07.771+0000] {subprocess.py:93} INFO - INFO:DatabaseConnector:Connessione al database riuscita!
[2025-03-29T15:51:07.772+0000] {subprocess.py:93} INFO - DEBUG:DatabaseConnector:b"SELECT \n        merchant_category, \n        merchant_type,\n        merchant \n        FROM fraud_transaction \n        WHERE batch_id = 'b695ed8c-143e-4919-8f25-300da876c2b0'"
[2025-03-29T15:51:07.773+0000] {subprocess.py:93} INFO - Traceback (most recent call last):
[2025-03-29T15:51:07.773+0000] {subprocess.py:93} INFO -   File "/opt/airflow/silver_level/main.py", line 12, in <module>
[2025-03-29T15:51:07.774+0000] {subprocess.py:93} INFO -     merchant = read_data(integration_connection, 'b695ed8c-143e-4919-8f25-300da876c2b0')
[2025-03-29T15:51:07.775+0000] {subprocess.py:93} INFO -   File "/opt/airflow/silver_level/persistence/merchant/read_merchant.py", line 10, in read_data
[2025-03-29T15:51:07.775+0000] {subprocess.py:93} INFO -     curr.execute(query, (batch_id,))
[2025-03-29T15:51:07.776+0000] {subprocess.py:93} INFO -   File "/home/airflow/.local/lib/python3.10/site-packages/psycopg2/extras.py", line 445, in execute
[2025-03-29T15:51:07.778+0000] {subprocess.py:93} INFO -     return super().execute(query, vars)
[2025-03-29T15:51:07.779+0000] {subprocess.py:93} INFO - psycopg2.errors.UndefinedTable: relation "fraud_transaction" does not exist
[2025-03-29T15:51:07.780+0000] {subprocess.py:93} INFO - LINE 5:         FROM fraud_transaction
[2025-03-29T15:51:07.781+0000] {subprocess.py:93} INFO -                      ^
[2025-03-29T15:51:07.782+0000] {subprocess.py:93} INFO - 
[2025-03-29T15:51:07.801+0000] {subprocess.py:97} INFO - Command exited with return code 1
[2025-03-29T15:51:07.827+0000] {taskinstance.py:1824} ERROR - Task failed with exception
Traceback (most recent call last):
  File "/home/airflow/.local/lib/python3.10/site-packages/airflow/operators/bash.py", line 210, in execute
    raise AirflowException(
airflow.exceptions.AirflowException: Bash command failed. The command returned a non-zero exit code 1.
[2025-03-29T15:51:07.833+0000] {taskinstance.py:1345} INFO - Marking task as UP_FOR_RETRY. dag_id=pipeline, task_id=silver_level, execution_date=20250328T000000, start_date=20250329T155106, end_date=20250329T155107
[2025-03-29T15:51:07.850+0000] {standard_task_runner.py:104} ERROR - Failed to execute job 3 for task silver_level (Bash command failed. The command returned a non-zero exit code 1.; 189)
[2025-03-29T15:51:07.878+0000] {local_task_job_runner.py:225} INFO - Task exited with return code 1
[2025-03-29T15:51:07.904+0000] {taskinstance.py:2653} INFO - 0 downstream tasks scheduled from follow-on schedule check
[2025-03-29T15:51:54.957+0000] {logging_mixin.py:150} WARNING - /home/airflow/.local/lib/python3.10/site-packages/airflow/utils/sqlalchemy.py:124 DeprecationWarning: The sql_alchemy_conn option in [core] has been moved to the sql_alchemy_conn option in [database] - the old setting has been used, but please update your config.
[2025-03-29T15:51:54.970+0000] {taskinstance.py:1103} INFO - Dependencies all met for dep_context=non-requeueable deps ti=<TaskInstance: pipeline.silver_level scheduled__2025-03-28T00:00:00+00:00 [queued]>
[2025-03-29T15:51:54.980+0000] {taskinstance.py:1103} INFO - Dependencies all met for dep_context=requeueable deps ti=<TaskInstance: pipeline.silver_level scheduled__2025-03-28T00:00:00+00:00 [queued]>
[2025-03-29T15:51:54.981+0000] {taskinstance.py:1308} INFO - Starting attempt 1 of 2
[2025-03-29T15:51:54.995+0000] {taskinstance.py:1327} INFO - Executing <Task(BashOperator): silver_level> on 2025-03-28 00:00:00+00:00
[2025-03-29T15:51:55.002+0000] {standard_task_runner.py:57} INFO - Started process 211 to run task
[2025-03-29T15:51:55.006+0000] {standard_task_runner.py:84} INFO - Running: ['airflow', 'tasks', 'run', 'pipeline', 'silver_level', 'scheduled__2025-03-28T00:00:00+00:00', '--job-id', '7', '--raw', '--subdir', 'DAGS_FOLDER/pipeline.py', '--cfg-path', '/tmp/tmp9at4_r5g']
[2025-03-29T15:51:55.011+0000] {standard_task_runner.py:85} INFO - Job 7: Subtask silver_level
[2025-03-29T15:51:55.037+0000] {logging_mixin.py:150} WARNING - /home/airflow/.local/lib/python3.10/site-packages/airflow/settings.py:195 DeprecationWarning: The sql_alchemy_conn option in [core] has been moved to the sql_alchemy_conn option in [database] - the old setting has been used, but please update your config.
[2025-03-29T15:51:55.269+0000] {task_command.py:410} INFO - Running <TaskInstance: pipeline.silver_level scheduled__2025-03-28T00:00:00+00:00 [running]> on host 9bcac38e570f
[2025-03-29T15:51:55.288+0000] {logging_mixin.py:150} WARNING - /home/airflow/.local/lib/python3.10/site-packages/airflow/utils/sqlalchemy.py:124 DeprecationWarning: The sql_alchemy_conn option in [core] has been moved to the sql_alchemy_conn option in [database] - the old setting has been used, but please update your config.
[2025-03-29T15:51:55.366+0000] {taskinstance.py:1545} INFO - Exporting env vars: AIRFLOW_CTX_DAG_OWNER='airflow' AIRFLOW_CTX_DAG_ID='pipeline' AIRFLOW_CTX_TASK_ID='silver_level' AIRFLOW_CTX_EXECUTION_DATE='2025-03-28T00:00:00+00:00' AIRFLOW_CTX_TRY_NUMBER='1' AIRFLOW_CTX_DAG_RUN_ID='scheduled__2025-03-28T00:00:00+00:00'
[2025-03-29T15:51:55.367+0000] {subprocess.py:63} INFO - Tmp dir *** location: /tmp
[2025-03-29T15:51:55.369+0000] {subprocess.py:75} INFO - Running command: ['/bin/bash', '-c', 'python3 /opt/airflow/silver_level/main.py']
[2025-03-29T15:51:55.380+0000] {subprocess.py:86} INFO - Output:
[2025-03-29T15:51:55.635+0000] {subprocess.py:93} INFO - INFO:DatabaseConnector:Connessione al database riuscita!
[2025-03-29T15:51:55.645+0000] {subprocess.py:93} INFO - INFO:DatabaseConnector:Connessione al database riuscita!
[2025-03-29T15:51:55.646+0000] {subprocess.py:93} INFO - DEBUG:DatabaseConnector:b"SELECT \n        merchant_category, \n        merchant_type,\n        merchant \n        FROM fraud_transaction \n        WHERE batch_id = 'b695ed8c-143e-4919-8f25-300da876c2b0'"
[2025-03-29T15:51:55.646+0000] {subprocess.py:93} INFO - Traceback (most recent call last):
[2025-03-29T15:51:55.647+0000] {subprocess.py:93} INFO -   File "/opt/airflow/silver_level/main.py", line 12, in <module>
[2025-03-29T15:51:55.647+0000] {subprocess.py:93} INFO -     merchant = read_data(integration_connection, 'b695ed8c-143e-4919-8f25-300da876c2b0')
[2025-03-29T15:51:55.648+0000] {subprocess.py:93} INFO -   File "/opt/airflow/silver_level/persistence/merchant/read_merchant.py", line 10, in read_data
[2025-03-29T15:51:55.649+0000] {subprocess.py:93} INFO -     curr.execute(query, (batch_id,))
[2025-03-29T15:51:55.649+0000] {subprocess.py:93} INFO -   File "/home/airflow/.local/lib/python3.10/site-packages/psycopg2/extras.py", line 445, in execute
[2025-03-29T15:51:55.650+0000] {subprocess.py:93} INFO -     return super().execute(query, vars)
[2025-03-29T15:51:55.651+0000] {subprocess.py:93} INFO - psycopg2.errors.UndefinedTable: relation "fraud_transaction" does not exist
[2025-03-29T15:51:55.651+0000] {subprocess.py:93} INFO - LINE 5:         FROM fraud_transaction
[2025-03-29T15:51:55.652+0000] {subprocess.py:93} INFO -                      ^
[2025-03-29T15:51:55.652+0000] {subprocess.py:93} INFO - 
[2025-03-29T15:51:55.658+0000] {subprocess.py:97} INFO - Command exited with return code 1
[2025-03-29T15:51:55.676+0000] {taskinstance.py:1824} ERROR - Task failed with exception
Traceback (most recent call last):
  File "/home/airflow/.local/lib/python3.10/site-packages/airflow/operators/bash.py", line 210, in execute
    raise AirflowException(
airflow.exceptions.AirflowException: Bash command failed. The command returned a non-zero exit code 1.
[2025-03-29T15:51:55.680+0000] {taskinstance.py:1345} INFO - Marking task as UP_FOR_RETRY. dag_id=pipeline, task_id=silver_level, execution_date=20250328T000000, start_date=20250329T155154, end_date=20250329T155155
[2025-03-29T15:51:55.695+0000] {standard_task_runner.py:104} ERROR - Failed to execute job 7 for task silver_level (Bash command failed. The command returned a non-zero exit code 1.; 211)
[2025-03-29T15:51:55.744+0000] {local_task_job_runner.py:225} INFO - Task exited with return code 1
[2025-03-29T15:51:55.789+0000] {taskinstance.py:2653} INFO - 0 downstream tasks scheduled from follow-on schedule check
