[2025-03-29T16:08:21.241+0000] {taskinstance.py:1103} INFO - Dependencies all met for dep_context=non-requeueable deps ti=<TaskInstance: pipeline.migration_bronze_level manual__2025-03-29T16:03:16.584335+00:00 [queued]>
[2025-03-29T16:08:21.260+0000] {taskinstance.py:1103} INFO - Dependencies all met for dep_context=requeueable deps ti=<TaskInstance: pipeline.migration_bronze_level manual__2025-03-29T16:03:16.584335+00:00 [queued]>
[2025-03-29T16:08:21.261+0000] {taskinstance.py:1308} INFO - Starting attempt 2 of 2
[2025-03-29T16:08:21.281+0000] {taskinstance.py:1327} INFO - Executing <Task(BashOperator): migration_bronze_level> on 2025-03-29 16:03:16.584335+00:00
[2025-03-29T16:08:21.291+0000] {standard_task_runner.py:57} INFO - Started process 281 to run task
[2025-03-29T16:08:21.296+0000] {standard_task_runner.py:84} INFO - Running: ['airflow', 'tasks', 'run', 'pipeline', 'migration_bronze_level', 'manual__2025-03-29T16:03:16.584335+00:00', '--job-id', '6', '--raw', '--subdir', 'DAGS_FOLDER/pipeline.py', '--cfg-path', '/tmp/tmpwmgnusep']
[2025-03-29T16:08:21.301+0000] {standard_task_runner.py:85} INFO - Job 6: Subtask migration_bronze_level
[2025-03-29T16:08:21.378+0000] {logging_mixin.py:150} WARNING - /home/airflow/.local/lib/python3.10/site-packages/airflow/settings.py:195 DeprecationWarning: The sql_alchemy_conn option in [core] has been moved to the sql_alchemy_conn option in [database] - the old setting has been used, but please update your config.
[2025-03-29T16:08:22.391+0000] {task_command.py:410} INFO - Running <TaskInstance: pipeline.migration_bronze_level manual__2025-03-29T16:03:16.584335+00:00 [running]> on host f2348edb462c
[2025-03-29T16:08:22.518+0000] {taskinstance.py:1545} INFO - Exporting env vars: AIRFLOW_CTX_DAG_OWNER='airflow' AIRFLOW_CTX_DAG_ID='pipeline' AIRFLOW_CTX_TASK_ID='migration_bronze_level' AIRFLOW_CTX_EXECUTION_DATE='2025-03-29T16:03:16.584335+00:00' AIRFLOW_CTX_TRY_NUMBER='2' AIRFLOW_CTX_DAG_RUN_ID='manual__2025-03-29T16:03:16.584335+00:00'
[2025-03-29T16:08:22.519+0000] {subprocess.py:63} INFO - Tmp dir *** location: /tmp
[2025-03-29T16:08:22.521+0000] {subprocess.py:75} INFO - Running command: ['/bin/bash', '-c', 'cd /opt/airflow/bronze_level && pyway migration']
[2025-03-29T16:08:22.537+0000] {subprocess.py:86} INFO - Output:
[2025-03-29T16:08:23.015+0000] {subprocess.py:93} INFO - [94mPyWay 0.3.32[0m
[2025-03-29T16:08:23.037+0000] {subprocess.py:93} INFO - [91mCommand 'migration' not recognized, exiting![0m
[2025-03-29T16:08:23.050+0000] {subprocess.py:97} INFO - Command exited with return code 1
[2025-03-29T16:08:23.069+0000] {taskinstance.py:1824} ERROR - Task failed with exception
Traceback (most recent call last):
  File "/home/airflow/.local/lib/python3.10/site-packages/airflow/operators/bash.py", line 210, in execute
    raise AirflowException(
airflow.exceptions.AirflowException: Bash command failed. The command returned a non-zero exit code 1.
[2025-03-29T16:08:23.073+0000] {taskinstance.py:1345} INFO - Marking task as FAILED. dag_id=pipeline, task_id=migration_bronze_level, execution_date=20250329T160316, start_date=20250329T160821, end_date=20250329T160823
[2025-03-29T16:08:23.086+0000] {standard_task_runner.py:104} ERROR - Failed to execute job 6 for task migration_bronze_level (Bash command failed. The command returned a non-zero exit code 1.; 281)
[2025-03-29T16:08:23.121+0000] {local_task_job_runner.py:225} INFO - Task exited with return code 1
[2025-03-29T16:08:23.289+0000] {taskinstance.py:2653} INFO - 0 downstream tasks scheduled from follow-on schedule check
